// Jest Snapshot v1, https://goo.gl/fbAQLP

exports[`CustomButton renders correctly 1`] = `
<View
  accessibilityState={
    Object {
      "disabled": false,
    }
  }
  accessible={true}
  collapsable={false}
  focusable={false}
  onClick={[Function]}
  onResponderGrant={[Function]}
  onResponderMove={[Function]}
  onResponderRelease={[Function]}
  onResponderTerminate={[Function]}
  onResponderTerminationRequest={[Function]}
  onStartShouldSetResponder={[Function]}
  style={
    Object {
      "alignItems": "center",
      "backgroundColor": "rgba(6,146,239,1)",
      "borderRadius": 30,
      "elevation": 8,
      "height": null,
      "margin": null,
      "opacity": 1,
      "paddingBottom": 10,
      "paddingLeft": 10,
      "paddingRight": 10,
      "paddingTop": 10,
      "shadowColor": "rgba(6,146,239,1)",
      "shadowOffset": Object {
        "height": 5,
        "width": 0,
      },
      "shadowOpacity": 1,
      "shadowRadius": 8,
      "width": 40,
    }
  }
>
  <View
    style={
      Object {
        "alignItems": "center",
        "flexDirection": "row",
        "justifyContent": "space-between",
        "width": 40,
      }
    }
  >
    <View />
    <View
      style={
        Object {
          "marginLeft": 10,
          "marginRight": 10,
        }
      }
    />
  </View>
</View>
`;
