// Jest Snapshot v1, https://goo.gl/fbAQLP

exports[` 1`] = `
<View
  style={
    Object {
      "backgroundColor": "#FFF",
      "borderRadius": 20,
      "flexDirection": "row",
      "margin": 5,
      "padding": 5,
      "shadowColor": "#000",
      "shadowOffset": Object {
        "height": 4,
        "width": 0,
      },
      "shadowOpacity": 0.7,
      "shadowRadius": 3,
    }
  }
>
  <Image
    source="test-file-stub"
    style={
      Object {
        "borderRadius": 20,
        "height": 40,
        "width": 40,
      }
    }
  />
  <View
    style={
      Object {
        "flex": 1,
        "marginLeft": 10,
      }
    }
  >
    <Text
      style={
        Object {
          "color": "#000",
          "fontSize": 14,
          "fontWeight": "bold",
        }
      }
    />
    <Text
      style={
        Object {
          "fontSize": 12,
        }
      }
    >
      Latest Message
    </Text>
  </View>
</View>
`;
